// Jest Snapshot v1, https://goo.gl/fbAQLP

exports[`SnapsWebpackPlugin applies a transform 1`] = `
" (() => { 
var __webpack_exports__ = {};

        
                const foo = 'bar';
     
 })()
;"
`;

exports[`SnapsWebpackPlugin forwards the options 1`] = `
"/******/ (() => { // webpackBootstrap
var __webpack_exports__ = {};

        // foo bar
        /* baz qux */
        const foo = 'bar';
     
/******/ })()
;"
`;

exports[`SnapsWebpackPlugin processes files using Webpack 1`] = `
" (() => { 
var __webpack_exports__ = {};
const foo = 'bar';
 })()
;"
`;

exports[`SnapsWebpackPlugin runs on the entire bundle 1`] = `
" (() => { 
 	\\"use strict\\";
 	var __webpack_modules__ = ([
,
 ((__unused_webpack_module, __webpack_exports__, __webpack_require__) => {

__webpack_require__.r(__webpack_exports__);
 __webpack_require__.d(__webpack_exports__, {
   \\"bar\\": () => ( bar)
 });

        
        const bar = 'baz';
     

 })
 	]);
 	
 	var __webpack_module_cache__ = {};
 	
 	
 	function __webpack_require__(moduleId) {
 		
 		var cachedModule = __webpack_module_cache__[moduleId];
 		if (cachedModule !== undefined) {
 			return cachedModule.exports;
 		}
 		
 		var module = __webpack_module_cache__[moduleId] = {
 			
 			
 			exports: {}
 		};
 	
 		
 		__webpack_modules__[moduleId](module, module.exports, __webpack_require__);
 	
 		
 		return module.exports;
 	}
 	
 	 	(() => {
 		
 		__webpack_require__.d = (exports, definition) => {
 			for(var key in definition) {
 				if(__webpack_require__.o(definition, key) && !__webpack_require__.o(exports, key)) {
 					Object.defineProperty(exports, key, { enumerable: true, get: definition[key] });
 				}
 			}
 		};
 	})();
 	
 	 	(() => {
 		__webpack_require__.o = (obj, prop) => (Object.prototype.hasOwnProperty.call(obj, prop))
 	})();
 	
 	 	(() => {
 		
 		__webpack_require__.r = (exports) => {
 			if(typeof Symbol !== 'undefined' && Symbol.toStringTag) {
 				Object.defineProperty(exports, Symbol.toStringTag, { value: 'Module' });
 			}
 			Object.defineProperty(exports, '__esModule', { value: true });
 		};
 	})();
 	
var __webpack_exports__ = {};

(() => {
__webpack_require__.r(__webpack_exports__);
 var _bar__WEBPACK_IMPORTED_MODULE_0__ = __webpack_require__(1);

        

        
        const foo = _bar__WEBPACK_IMPORTED_MODULE_0__.bar;
     
})();

 })()
;"
`;
