// Jest Snapshot v1, https://goo.gl/fbAQLP

exports[`getAST returns an AST for the provided code 1`] = `
Node {
  "comments": Array [],
  "end": 36,
  "errors": Array [],
  "loc": SourceLocation {
    "end": Position {
      "column": 36,
      "index": 36,
      "line": 1,
    },
    "filename": undefined,
    "identifierName": undefined,
    "start": Position {
      "column": 0,
      "index": 0,
      "line": 1,
    },
  },
  "program": Node {
    "body": Array [
      Node {
        "declarations": Array [
          Node {
            "end": 17,
            "id": Node {
              "end": 9,
              "loc": SourceLocation {
                "end": Position {
                  "column": 9,
                  "index": 9,
                  "line": 1,
                },
                "filename": undefined,
                "identifierName": "foo",
                "start": Position {
                  "column": 6,
                  "index": 6,
                  "line": 1,
                },
              },
              "name": "foo",
              "start": 6,
              "type": "Identifier",
            },
            "init": Node {
              "end": 17,
              "extra": Object {
                "raw": "'bar'",
                "rawValue": "bar",
              },
              "loc": SourceLocation {
                "end": Position {
                  "column": 17,
                  "index": 17,
                  "line": 1,
                },
                "filename": undefined,
                "identifierName": undefined,
                "start": Position {
                  "column": 12,
                  "index": 12,
                  "line": 1,
                },
              },
              "start": 12,
              "type": "StringLiteral",
              "value": "bar",
            },
            "loc": SourceLocation {
              "end": Position {
                "column": 17,
                "index": 17,
                "line": 1,
              },
              "filename": undefined,
              "identifierName": undefined,
              "start": Position {
                "column": 6,
                "index": 6,
                "line": 1,
              },
            },
            "start": 6,
            "type": "VariableDeclarator",
          },
        ],
        "end": 18,
        "kind": "const",
        "loc": SourceLocation {
          "end": Position {
            "column": 18,
            "index": 18,
            "line": 1,
          },
          "filename": undefined,
          "identifierName": undefined,
          "start": Position {
            "column": 0,
            "index": 0,
            "line": 1,
          },
        },
        "start": 0,
        "type": "VariableDeclaration",
      },
      Node {
        "end": 36,
        "expression": Node {
          "arguments": Array [
            Node {
              "end": 34,
              "loc": SourceLocation {
                "end": Position {
                  "column": 34,
                  "index": 34,
                  "line": 1,
                },
                "filename": undefined,
                "identifierName": "foo",
                "start": Position {
                  "column": 31,
                  "index": 31,
                  "line": 1,
                },
              },
              "name": "foo",
              "start": 31,
              "type": "Identifier",
            },
          ],
          "callee": Node {
            "computed": false,
            "end": 30,
            "loc": SourceLocation {
              "end": Position {
                "column": 30,
                "index": 30,
                "line": 1,
              },
              "filename": undefined,
              "identifierName": undefined,
              "start": Position {
                "column": 19,
                "index": 19,
                "line": 1,
              },
            },
            "object": Node {
              "end": 26,
              "loc": SourceLocation {
                "end": Position {
                  "column": 26,
                  "index": 26,
                  "line": 1,
                },
                "filename": undefined,
                "identifierName": "console",
                "start": Position {
                  "column": 19,
                  "index": 19,
                  "line": 1,
                },
              },
              "name": "console",
              "start": 19,
              "type": "Identifier",
            },
            "property": Node {
              "end": 30,
              "loc": SourceLocation {
                "end": Position {
                  "column": 30,
                  "index": 30,
                  "line": 1,
                },
                "filename": undefined,
                "identifierName": "log",
                "start": Position {
                  "column": 27,
                  "index": 27,
                  "line": 1,
                },
              },
              "name": "log",
              "start": 27,
              "type": "Identifier",
            },
            "start": 19,
            "type": "MemberExpression",
          },
          "end": 35,
          "loc": SourceLocation {
            "end": Position {
              "column": 35,
              "index": 35,
              "line": 1,
            },
            "filename": undefined,
            "identifierName": undefined,
            "start": Position {
              "column": 19,
              "index": 19,
              "line": 1,
            },
          },
          "start": 19,
          "type": "CallExpression",
        },
        "loc": SourceLocation {
          "end": Position {
            "column": 36,
            "index": 36,
            "line": 1,
          },
          "filename": undefined,
          "identifierName": undefined,
          "start": Position {
            "column": 19,
            "index": 19,
            "line": 1,
          },
        },
        "start": 19,
        "type": "ExpressionStatement",
      },
    ],
    "directives": Array [],
    "end": 36,
    "interpreter": null,
    "loc": SourceLocation {
      "end": Position {
        "column": 36,
        "index": 36,
        "line": 1,
      },
      "filename": undefined,
      "identifierName": undefined,
      "start": Position {
        "column": 0,
        "index": 0,
        "line": 1,
      },
    },
    "sourceType": "script",
    "start": 0,
    "type": "Program",
  },
  "start": 0,
  "type": "File",
}
`;
