// Jest Snapshot v1, https://goo.gl/fbAQLP

exports[`plugin applies a transform 1`] = `
"(function () {
  function r(e, n, t) {
    function o(i, f) {
      if (!n[i]) {
        if (!e[i]) {
          var c = "function" == typeof require && require;
          if (!f && c) return c(i, !0);
          if (u) return u(i, !0);
          var a = new Error("Cannot find module '" + i + "'");
          throw a.code = "MODULE_NOT_FOUND", a;
        }
        var p = n[i] = {
          exports: {}
        };
        e[i][0].call(p.exports, function (r) {
          var n = e[i][1][r];
          return o(n || r);
        }, p, p.exports, r, e, n, t);
      }
      return n[i].exports;
    }
    for (var u = "function" == typeof require && require, i = 0; i < t.length; i++) o(t[i]);
    return o;
  }
  return r;
})()({
  1: [function (require, module, exports) {
    const foo = 'bar';
  }, {}]
}, {}, [1]);"
`;

exports[`plugin forwards the options 1`] = `
"(function () {
  function r(e, n, t) {
    function o(i, f) {
      if (!n[i]) {
        if (!e[i]) {
          var c = "function" == typeof require && require;
          if (!f && c) return c(i, !0);
          if (u) return u(i, !0);
          var a = new Error("Cannot find module '" + i + "'");
          throw a.code = "MODULE_NOT_FOUND", a;
        }
        var p = n[i] = {
          exports: {}
        };
        e[i][0].call(p.exports, function (r) {
          var n = e[i][1][r];
          return o(n || r);
        }, p, p.exports, r, e, n, t);
      }
      return n[i].exports;
    }
    for (var u = "function" == typeof require && require, i = 0; i < t.length; i++) o(t[i]);
    return o;
  }
  return r;
})()({
  1: [function (require, module, exports) {
    // foo bar
    /* baz qux */
    const foo = 'bar';
  }, {}]
}, {}, [1]);"
`;

exports[`plugin generates a source map 1`] = `
"(function () {
  function r(e, n, t) {
    function o(i, f) {
      if (!n[i]) {
        if (!e[i]) {
          var c = "function" == typeof require && require;
          if (!f && c) return c(i, !0);
          if (u) return u(i, !0);
          var a = new Error("Cannot find module '" + i + "'");
          throw a.code = "MODULE_NOT_FOUND", a;
        }
        var p = n[i] = {
          exports: {}
        };
        e[i][0].call(p.exports, function (r) {
          var n = e[i][1][r];
          return o(n || r);
        }, p, p.exports, r, e, n, t);
      }
      return n[i].exports;
    }
    for (var u = "function" == typeof require && require, i = 0; i < t.length; i++) o(t[i]);
    return o;
  }
  return r;
})()({
  1: [function (require, module, exports) {
    module.exports.onRpcRequest = ({
      request
    }) => {
      console.log("Hello, world!");
      const {
        method,
        id
      } = request;
      return method + id;
    };
  }, {}]
}, {}, [1]);
//# sourceMappingURL=data:application/json;charset=utf-8;base64,eyJ2ZXJzaW9uIjozLCJuYW1lcyI6WyJyIiwiZSIsIm4iLCJ0IiwibyIsImkiLCJmIiwiYyIsInJlcXVpcmUiLCJ1IiwiYSIsIkVycm9yIiwiY29kZSIsInAiLCJleHBvcnRzIiwiY2FsbCIsImxlbmd0aCIsIm1vZHVsZSIsIm9uUnBjUmVxdWVzdCIsInJlcXVlc3QiLCJjb25zb2xlIiwibG9nIiwibWV0aG9kIiwiaWQiXSwic291cmNlcyI6WyIuLi8uLi9ub2RlX21vZHVsZXMvYnJvd3Nlci1wYWNrL19wcmVsdWRlLmpzIiwiX3N0cmVhbV8wLmpzIl0sInNvdXJjZXNDb250ZW50IjpbIihmdW5jdGlvbigpe2Z1bmN0aW9uIHIoZSxuLHQpe2Z1bmN0aW9uIG8oaSxmKXtpZighbltpXSl7aWYoIWVbaV0pe3ZhciBjPVwiZnVuY3Rpb25cIj09dHlwZW9mIHJlcXVpcmUmJnJlcXVpcmU7aWYoIWYmJmMpcmV0dXJuIGMoaSwhMCk7aWYodSlyZXR1cm4gdShpLCEwKTt2YXIgYT1uZXcgRXJyb3IoXCJDYW5ub3QgZmluZCBtb2R1bGUgJ1wiK2krXCInXCIpO3Rocm93IGEuY29kZT1cIk1PRFVMRV9OT1RfRk9VTkRcIixhfXZhciBwPW5baV09e2V4cG9ydHM6e319O2VbaV1bMF0uY2FsbChwLmV4cG9ydHMsZnVuY3Rpb24ocil7dmFyIG49ZVtpXVsxXVtyXTtyZXR1cm4gbyhufHxyKX0scCxwLmV4cG9ydHMscixlLG4sdCl9cmV0dXJuIG5baV0uZXhwb3J0c31mb3IodmFyIHU9XCJmdW5jdGlvblwiPT10eXBlb2YgcmVxdWlyZSYmcmVxdWlyZSxpPTA7aTx0Lmxlbmd0aDtpKyspbyh0W2ldKTtyZXR1cm4gb31yZXR1cm4gcn0pKCkiLCJcbiAgbW9kdWxlLmV4cG9ydHMub25ScGNSZXF1ZXN0ID0gKHsgcmVxdWVzdCB9KSA9PiB7XG4gICAgY29uc29sZS5sb2coXCJIZWxsbywgd29ybGQhXCIpO1xuXG4gICAgY29uc3QgeyBtZXRob2QsIGlkIH0gPSByZXF1ZXN0O1xuICAgIHJldHVybiBtZXRob2QgKyBpZDtcbiAgfTtcbiJdLCJtYXBwaW5ncyI6IkFBQUE7RUFBQSxTQUFBQSxFQUFBQyxDQUFBLEVBQUFDLENBQUEsRUFBQUMsQ0FBQTtJQUFBLFNBQUFDLEVBQUFDLENBQUEsRUFBQUMsQ0FBQTtNQUFBLEtBQUFKLENBQUEsQ0FBQUcsQ0FBQTtRQUFBLEtBQUFKLENBQUEsQ0FBQUksQ0FBQTtVQUFBLElBQUFFLENBQUEsd0JBQUFDLE9BQUEsSUFBQUEsT0FBQTtVQUFBLEtBQUFGLENBQUEsSUFBQUMsQ0FBQSxTQUFBQSxDQUFBLENBQUFGLENBQUE7VUFBQSxJQUFBSSxDQUFBLFNBQUFBLENBQUEsQ0FBQUosQ0FBQTtVQUFBLElBQUFLLENBQUEsT0FBQUMsS0FBQSwwQkFBQU4sQ0FBQTtVQUFBLE1BQUFLLENBQUEsQ0FBQUUsSUFBQSx1QkFBQUYsQ0FBQTtRQUFBO1FBQUEsSUFBQUcsQ0FBQSxHQUFBWCxDQUFBLENBQUFHLENBQUE7VUFBQVMsT0FBQTtRQUFBO1FBQUFiLENBQUEsQ0FBQUksQ0FBQSxLQUFBVSxJQUFBLENBQUFGLENBQUEsQ0FBQUMsT0FBQSxZQUFBZCxDQUFBO1VBQUEsSUFBQUUsQ0FBQSxHQUFBRCxDQUFBLENBQUFJLENBQUEsS0FBQUwsQ0FBQTtVQUFBLE9BQUFJLENBQUEsQ0FBQUYsQ0FBQSxJQUFBRixDQUFBO1FBQUEsR0FBQWEsQ0FBQSxFQUFBQSxDQUFBLENBQUFDLE9BQUEsRUFBQWQsQ0FBQSxFQUFBQyxDQUFBLEVBQUFDLENBQUEsRUFBQUMsQ0FBQTtNQUFBO01BQUEsT0FBQUQsQ0FBQSxDQUFBRyxDQUFBLEVBQUFTLE9BQUE7SUFBQTtJQUFBLFNBQUFMLENBQUEsd0JBQUFELE9BQUEsSUFBQUEsT0FBQSxFQUFBSCxDQUFBLE1BQUFBLENBQUEsR0FBQUYsQ0FBQSxDQUFBYSxNQUFBLEVBQUFYLENBQUEsSUFBQUQsQ0FBQSxDQUFBRCxDQUFBLENBQUFFLENBQUE7SUFBQSxPQUFBRCxDQUFBO0VBQUE7RUFBQSxPQUFBSixDQUFBO0FBQUE7RUFBQSxjQUFBUSxPQUFBLEVBQUFTLE1BQUEsRUFBQUgsT0FBQTtJQ0NBRyxNQUFBLENBQUFILE9BQUEsQ0FBQUksWUFBQTtNQUFBQztJQUFBO01BQ0FDLE9BQUEsQ0FBQUMsR0FBQTtNQUVBO1FBQUFDLE1BQUE7UUFBQUM7TUFBQSxJQUFBSixPQUFBO01BQ0EsT0FBQUcsTUFBQSxHQUFBQyxFQUFBO0lBQ0EifQ=="
`;

exports[`plugin processes files using Browserify 1`] = `
"(function () {
  function r(e, n, t) {
    function o(i, f) {
      if (!n[i]) {
        if (!e[i]) {
          var c = "function" == typeof require && require;
          if (!f && c) return c(i, !0);
          if (u) return u(i, !0);
          var a = new Error("Cannot find module '" + i + "'");
          throw a.code = "MODULE_NOT_FOUND", a;
        }
        var p = n[i] = {
          exports: {}
        };
        e[i][0].call(p.exports, function (r) {
          var n = e[i][1][r];
          return o(n || r);
        }, p, p.exports, r, e, n, t);
      }
      return n[i].exports;
    }
    for (var u = "function" == typeof require && require, i = 0; i < t.length; i++) o(t[i]);
    return o;
  }
  return r;
})()({
  1: [function (require, module, exports) {
    module.exports.onRpcRequest = ({
      request
    }) => {
      console.log("Hello, world!");
      const {
        method,
        id
      } = request;
      return method + id;
    };
  }, {}]
}, {}, [1]);"
`;
