// Jest Snapshot v1, https://goo.gl/fbAQLP

exports[`snaps applies a transform 1`] = `
"
                        const foo = 'bar';
            console.log(foo);
"
`;

exports[`snaps forwards the options 1`] = `
"// foo bar
            /* baz qux */
            const foo = 'bar';
            console.log(foo);
"
`;

exports[`snaps processes files using Rollup 1`] = `
"const foo = 'bar';
            console.log(foo);
"
`;

exports[`snaps runs on the entire bundle 1`] = `
"
            const bar = 'baz';


            const foo = bar;
            console.log(foo);
"
`;
