// Jest Snapshot v1, https://goo.gl/fbAQLP

exports[`SnapsWebpackPlugin applies a transform 1`] = `
"(() => {
  var __webpack_exports__ = {};
  const foo = 'bar';
})();"
`;

exports[`SnapsWebpackPlugin forwards the options 1`] = `
"/******/(() => {
  // webpackBootstrap
  var __webpack_exports__ = {};

  // foo bar
  /* baz qux */
  const foo = 'bar';

  /******/
})();"
`;

exports[`SnapsWebpackPlugin generates a source map 1`] = `"{"version":3,"file":"foo.js","names":["module","exports","onRpcRequest","request","console","log","method","id","__webpack_module_cache__","__webpack_require__","moduleId","cachedModule","undefined","__webpack_modules__","__webpack_exports__"],"sourceRoot":"","sources":["webpack://@metamask/snaps-webpack-plugin/../foo.js","webpack://@metamask/snaps-webpack-plugin/webpack/bootstrap","webpack://@metamask/snaps-webpack-plugin/webpack/before-startup","webpack://@metamask/snaps-webpack-plugin/webpack/startup","webpack://@metamask/snaps-webpack-plugin/webpack/after-startup"],"sourcesContent":["\\n  module.exports.onRpcRequest = ({ request }) => {\\n    console.log(\\"Hello, world!\\");\\n\\n    const { method, id } = request;\\n    return method + id;\\n  };\\n","// The module cache\\nvar __webpack_module_cache__ = {};\\n\\n// The require function\\nfunction __webpack_require__(moduleId) {\\n\\t// Check if module is in cache\\n\\tvar cachedModule = __webpack_module_cache__[moduleId];\\n\\tif (cachedModule !== undefined) {\\n\\t\\treturn cachedModule.exports;\\n\\t}\\n\\t// Create a new module (and put it into the cache)\\n\\tvar module = __webpack_module_cache__[moduleId] = {\\n\\t\\t// no module.id needed\\n\\t\\t// no module.loaded needed\\n\\t\\texports: {}\\n\\t};\\n\\n\\t// Execute the module function\\n\\t__webpack_modules__[moduleId](module, module.exports, __webpack_require__);\\n\\n\\t// Return the exports of the module\\n\\treturn module.exports;\\n}\\n\\n","","// startup\\n// Load entry module and return exports\\n// This entry module used 'module' so it can't be inlined\\nvar __webpack_exports__ = __webpack_require__(0);\\n",""],"mappings":";;IACEA,MAAA,CAAAC,OAAA,CAAAC,YAA2B;MAAMC;IAAA,CAAS;MAC5CC,OAAA,CAAAC,GAAA;MAEA;QAAYC,MAAA;QAAAC;MAAA,IAAaJ,OAAA;MACzB,OAAAG,MAAA,GAAAC,EAAA;IACA;;ECLA,IAAAC,wBAAA;EAGA,SAAAC,oBAAAC,QAAA;IAEA,IAAAC,YAAA,GAAAH,wBAAA,CAAAE,QAAA;IACA,IAAAC,YAAA,KAAAC,SAAA;MACA,OAAAD,YAAA,CAAAV,OAAA;IACA;IAEA,IAAAD,MAAA,GAAAQ,wBAAA,CAAAE,QAAA;MAGAT,OAAA;IACA;IAGAY,mBAAA,CAAAH,QAAA,EAAAV,MAAA,EAAAA,MAAA,CAAAC,OAAA,EAAAQ,mBAAA;IAGA,OAAAT,MAAA,CAAAC,OAAA;EACA;EEnBA,IAAAa,mBAAA,GAAAL,mBAAA"}"`;

exports[`SnapsWebpackPlugin processes files using Webpack 1`] = `
"(() => {
  var __webpack_modules__ = [module => {
    module.exports.onRpcRequest = ({
      request
    }) => {
      console.log("Hello, world!");
      const {
        method,
        id
      } = request;
      return method + id;
    };
  }];
  var __webpack_module_cache__ = {};
  function __webpack_require__(moduleId) {
    var cachedModule = __webpack_module_cache__[moduleId];
    if (cachedModule !== undefined) {
      return cachedModule.exports;
    }
    var module = __webpack_module_cache__[moduleId] = {
      exports: {}
    };
    __webpack_modules__[moduleId](module, module.exports, __webpack_require__);
    return module.exports;
  }
  var __webpack_exports__ = __webpack_require__(0);
})();"
`;

exports[`SnapsWebpackPlugin runs on the entire bundle 1`] = `
"(() => {
  "use strict";

  var __webpack_modules__ = [, (__unused_webpack_module, __webpack_exports__, __webpack_require__) => {
    __webpack_require__.r(__webpack_exports__);
    __webpack_require__.d(__webpack_exports__, {
      bar: () => bar
    });
    const bar = 'baz';
  }];
  var __webpack_module_cache__ = {};
  function __webpack_require__(moduleId) {
    var cachedModule = __webpack_module_cache__[moduleId];
    if (cachedModule !== undefined) {
      return cachedModule.exports;
    }
    var module = __webpack_module_cache__[moduleId] = {
      exports: {}
    };
    __webpack_modules__[moduleId](module, module.exports, __webpack_require__);
    return module.exports;
  }
  (() => {
    __webpack_require__.d = (exports, definition) => {
      for (var key in definition) {
        if (__webpack_require__.o(definition, key) && !__webpack_require__.o(exports, key)) {
          Object.defineProperty(exports, key, {
            enumerable: true,
            get: definition[key]
          });
        }
      }
    };
  })();
  (() => {
    __webpack_require__.o = (obj, prop) => Object.prototype.hasOwnProperty.call(obj, prop);
  })();
  (() => {
    __webpack_require__.r = exports => {
      if (typeof Symbol !== 'undefined' && Symbol.toStringTag) {
        Object.defineProperty(exports, Symbol.toStringTag, {
          value: 'Module'
        });
      }
      Object.defineProperty(exports, '__esModule', {
        value: true
      });
    };
  })();
  var __webpack_exports__ = {};
  (() => {
    __webpack_require__.r(__webpack_exports__);
    var _bar__WEBPACK_IMPORTED_MODULE_0__ = __webpack_require__(1);
    const foo = _bar__WEBPACK_IMPORTED_MODULE_0__.bar;
  })();
})();"
`;
